  Determining projects to restore...
  All projects are up-to-date for restore.
  SRPI -> G:\2025-01-SerRations On The PrIsm\05-Alpha\SRPI-Game-Project\.godot\mono\temp\bin\Debug\SRPI.dll

Build succeeded.
    0 Warning(s)
    0 Error(s)

Time Elapsed 00:00:00.78
